设备 cuda  精度 torch.float16
GPU Tesla T4  显存 15.6 GB
提示：当前是 Turing 及更早架构，只能 fp16；若换到 L4/A100 会自动切 bf16
[   0.1s] 设备 cuda  精度 torch.float16
[   0.3s] 元数据 21,746 条，数据目录 /kaggle/input/datasets/nekoicaro/sv-shards
[   0.3s] 划分与点位表就绪（点位表 2604 县）
[   0.3s] 类别空间 1337 县，质心已算
[   0.4s] 地理软标签矩阵 1337×1337 已算
类别 1337 县 / 238 市 / 33 省
训练集类别分布：1256 个县有样本；≥100 条的 1 个，<10 条的 871 个
[   0.6s] 扫描分片 1/9 sv-0000
[   0.8s] 扫描分片 2/9 sv-0001
[   0.8s] 扫描分片 3/9 sv-0002
[   0.8s] 扫描分片 4/9 sv-0003
[   0.9s] 扫描分片 5/9 sv-0004
[   0.9s] 扫描分片 6/9 sv-0005
[   0.9s] 扫描分片 7/9 sv-0006
[   1.0s] 扫描分片 8/9 sv-0007
[   1.1s] 扫描分片 9/9 sv-0008
[   1.1s] CPU 4 核，DataLoader 2 个 worker
[   1.1s] 就绪：训练 15,758 条，验证 {'val_same': 4084, 'val_national': 888, 'test_county': 1016}
训练样本 15,758  验证 ['val_same:4084', 'val_national:888', 'test_county:1016']
[   1.1s] 构建模型…
Warning: You are sending unauthenticated requests to the HF Hub. Please set a HF_TOKEN to enable higher rate limits and faster downloads.
[   4.8s] 模型就绪：29.8M 参数，其中可训练 29.8M
[   4.8s] 开始训练：40 轮 × 984 步 = 39360 次优化步
/kaggle/working/ai/train.py:419: UserWarning: Detected call of `lr_scheduler.step()` before `optimizer.step()`. In PyTorch 1.1.0 and later, you should call them in the opposite order: `optimizer.step()` before `lr_scheduler.step()`.  Failure to do this will result in PyTorch skipping the first value of the learning rate schedule. See more details at https://pytorch.org/docs/stable/optim.html#how-to-adjust-learning-rate
  sched.step()
  [   19.9s] e00 12/1969 步 6/39360 损失 9.8923 训练top1 0.000 lr 1.2e-06 1.26s/batch
  [   35.1s] e00 78/1969 步 39/39360 损失 9.7092 训练top1 0.000 lr 1.2e-06 0.39s/batch
  [   50.4s] e00 144/1969 步 72/39360 损失 9.5673 训练top1 0.001 lr 1.2e-06 0.32s/batch
  [   65.6s] e00 209/1969 步 104/39360 损失 9.4870 训练top1 0.002 lr 1.2e-06 0.29s/batch
  [   80.8s] e00 273/1969 步 136/39360 损失 9.4201 训练top1 0.002 lr 1.3e-06 0.28s/batch
  [   96.0s] e00 339/1969 步 169/39360 损失 9.3506 训练top1 0.002 lr 1.3e-06 0.27s/batch
  [  111.1s] e00 403/1969 步 201/39360 损失 9.2988 训练top1 0.003 lr 1.4e-06 0.26s/batch
  [  126.1s] e00 469/1969 步 234/39360 损失 9.2480 训练top1 0.003 lr 1.5e-06 0.26s/batch
  [  141.2s] e00 534/1969 步 267/39360 损失 9.1939 训练top1 0.004 lr 1.5e-06 0.26s/batch
  [  156.3s] e00 600/1969 步 300/39360 损失 9.1473 训练top1 0.006 lr 1.6e-06 0.25s/batch
  [  171.4s] e00 664/1969 步 332/39360 损失 9.1050 训练top1 0.007 lr 1.7e-06 0.25s/batch
  [  186.6s] e00 728/1969 步 364/39360 损失 9.0721 训练top1 0.007 lr 1.8e-06 0.25s/batch
  [  201.6s] e00 791/1969 步 395/39360 损失 9.0323 训练top1 0.006 lr 1.9e-06 0.25s/batch
  [  216.7s] e00 855/1969 步 427/39360 损失 8.9808 训练top1 0.008 lr 2.0e-06 0.25s/batch
  [  231.8s] e00 922/1969 步 461/39360 损失 8.9369 训练top1 0.008 lr 2.2e-06 0.25s/batch
  [  247.1s] e00 988/1969 步 494/39360 损失 8.8941 训练top1 0.008 lr 2.3e-06 0.25s/batch
  [  262.4s] e00 1050/1969 步 525/39360 损失 8.8562 训练top1 0.008 lr 2.4e-06 0.25s/batch
  [  277.7s] e00 1112/1969 步 556/39360 损失 8.8144 训练top1 0.009 lr 2.6e-06 0.25s/batch
  [  293.2s] e00 1176/1969 步 588/39360 损失 8.7802 训练top1 0.009 lr 2.8e-06 0.25s/batch
  [  308.2s] e00 1239/1969 步 619/39360 损失 8.7439 训练top1 0.009 lr 2.9e-06 0.24s/batch
  [  323.5s] e00 1302/1969 步 651/39360 损失 8.7104 训练top1 0.010 lr 3.1e-06 0.24s/batch
  [  338.5s] e00 1367/1969 步 683/39360 损失 8.6770 训练top1 0.010 lr 3.3e-06 0.24s/batch
  [  353.7s] e00 1430/1969 步 715/39360 损失 8.6454 训练top1 0.010 lr 3.5e-06 0.24s/batch
  [  368.9s] e00 1495/1969 步 747/39360 损失 8.6096 训练top1 0.010 lr 3.7e-06 0.24s/batch
  [  384.0s] e00 1560/1969 步 780/39360 损失 8.5798 训练top1 0.010 lr 3.9e-06 0.24s/batch
  [  399.0s] e00 1624/1969 步 812/39360 损失 8.5524 训练top1 0.010 lr 4.1e-06 0.24s/batch
  [  414.1s] e00 1689/1969 步 844/39360 损失 8.5239 训练top1 0.011 lr 4.3e-06 0.24s/batch
  [  429.4s] e00 1748/1969 步 874/39360 损失 8.4993 训练top1 0.011 lr 4.6e-06 0.24s/batch
  [  444.6s] e00 1810/1969 步 905/39360 损失 8.4766 训练top1 0.011 lr 4.8e-06 0.24s/batch
  [  459.6s] e00 1870/1969 步 935/39360 损失 8.4523 训练top1 0.012 lr 5.0e-06 0.24s/batch
  [  474.6s] e00 1933/1969 步 966/39360 损失 8.4297 训练top1 0.012 lr 5.3e-06 0.24s/batch
  [  483.2s] e00 1969/1969 步 984/39360 损失 8.4162 训练top1 0.012 lr 5.4e-06 0.24s/batch
  e00 损失 8.4162 训练top1 0.012  478s (184s 等数据 / 294s 计算)  33 样本/s  剩余约 311 分钟
  e0 同县留出 top1 0.005 top5 0.031 宏平均 0.007 多数类基线 0.024 中位误差 203.9 km
        候选邻近率(top5 落在真值 150km 内) 0.487
        新最好，已存 best.pt
  [  655.7s] e01 69/1969 步 1018/39360 损失 7.5504 训练top1 0.034 lr 5.7e-06 0.22s/batch
  [  670.7s] e01 138/1969 步 1053/39360 损失 7.5954 训练top1 0.028 lr 6.0e-06 0.22s/batch
  [  685.9s] e01 207/1969 步 1087/39360 损失 7.6092 训练top1 0.026 lr 6.3e-06 0.22s/batch
  [  700.9s] e01 279/1969 步 1123/39360 损失 7.6226 训练top1 0.024 lr 6.6e-06 0.22s/batch
  [  716.1s] e01 350/1969 步 1159/39360 损失 7.6113 训练top1 0.026 lr 6.9e-06 0.22s/batch
  [  731.2s] e01 421/1969 步 1194/39360 损失 7.5898 训练top1 0.027 lr 7.3e-06 0.22s/batch
  [  746.3s] e01 491/1969 步 1229/39360 损失 7.6090 训练top1 0.027 lr 7.6e-06 0.22s/batch
  [  761.3s] e01 559/1969 步 1263/39360 损失 7.5883 训练top1 0.028 lr 7.9e-06 0.22s/batch
  [  776.7s] e01 630/1969 步 1299/39360 损失 7.5687 训练top1 0.028 lr 8.3e-06 0.22s/batch
  [  791.9s] e01 701/1969 步 1334/39360 损失 7.5523 训练top1 0.030 lr 8.6e-06 0.22s/batch
  [  807.0s] e01 770/1969 步 1369/39360 损失 7.5409 训练top1 0.031 lr 9.0e-06 0.22s/batch
  [  822.0s] e01 839/1969 步 1403/39360 损失 7.5203 训练top1 0.032 lr 9.3e-06 0.22s/batch
  [  837.0s] e01 911/1969 步 1439/39360 损失 7.5170 训练top1 0.032 lr 9.7e-06 0.22s/batch
  [  852.1s] e01 982/1969 步 1475/39360 损失 7.5091 训练top1 0.034 lr 1.0e-05 0.22s/batch
  [  867.2s] e01 1055/1969 步 1511/39360 损失 7.4970 训练top1 0.035 lr 1.0e-05 0.21s/batch
  [  882.3s] e01 1122/1969 步 1545/39360 损失 7.4911 训练top1 0.035 lr 1.1e-05 0.22s/batch
  [  897.4s] e01 1190/1969 步 1579/39360 损失 7.4808 训练top1 0.035 lr 1.1e-05 0.22s/batch
  [  912.4s] e01 1259/1969 步 1613/39360 损失 7.4675 训练top1 0.035 lr 1.2e-05 0.22s/batch
  [  927.7s] e01 1328/1969 步 1648/39360 损失 7.4555 训练top1 0.035 lr 1.2e-05 0.22s/batch
  [  942.8s] e01 1398/1969 步 1683/39360 损失 7.4452 训练top1 0.036 lr 1.2e-05 0.22s/batch
  [  958.0s] e01 1470/1969 步 1719/39360 损失 7.4286 训练top1 0.036 lr 1.3e-05 0.22s/batch
  [  973.0s] e01 1540/1969 步 1754/39360 损失 7.4197 训练top1 0.037 lr 1.3e-05 0.22s/batch
  [  988.2s] e01 1611/1969 步 1789/39360 损失 7.4076 训练top1 0.037 lr 1.4e-05 0.22s/batch
  [ 1003.2s] e01 1680/1969 步 1824/39360 损失 7.3927 训练top1 0.038 lr 1.4e-05 0.22s/batch
  [ 1018.3s] e01 1751/1969 步 1859/39360 损失 7.3886 训练top1 0.037 lr 1.4e-05 0.22s/batch
  [ 1033.3s] e01 1821/1969 步 1894/39360 损失 7.3860 训练top1 0.038 lr 1.5e-05 0.22s/batch
  [ 1048.3s] e01 1890/1969 步 1929/39360 损失 7.3767 训练top1 0.038 lr 1.5e-05 0.22s/batch
  [ 1063.4s] e01 1960/1969 步 1964/39360 损失 7.3675 训练top1 0.039 lr 1.6e-05 0.22s/batch
  [ 1065.3s] e01 1969/1969 步 1968/39360 损失 7.3671 训练top1 0.039 lr 1.6e-05 0.22s/batch
  e01 损失 7.3671 训练top1 0.039  425s (142s 等数据 / 283s 计算)  37 样本/s  剩余约 269 分钟
  e1 同县留出 top1 0.044 top5 0.135 宏平均 0.032 多数类基线 0.024 中位误差 138.6 km
        候选邻近率(top5 落在真值 150km 内) 0.692
        新最好，已存 best.pt
  [ 1198.5s] e02 71/1969 步 2003/39360 损失 7.2402 训练top1 0.046 lr 1.6e-05 0.21s/batch
  [ 1213.5s] e02 143/1969 步 2039/39360 损失 7.1525 训练top1 0.053 lr 1.6e-05 0.21s/batch
  [ 1228.7s] e02 212/1969 步 2074/39360 损失 7.0981 训练top1 0.056 lr 1.7e-05 0.21s/batch
  [ 1243.7s] e02 282/1969 步 2109/39360 损失 7.0747 训练top1 0.059 lr 1.7e-05 0.21s/batch
  [ 1258.9s] e02 352/1969 步 2144/39360 损失 7.0402 训练top1 0.059 lr 1.8e-05 0.21s/batch
  [ 1274.0s] e02 423/1969 步 2179/39360 损失 7.0139 训练top1 0.060 lr 1.8e-05 0.21s/batch
  [ 1289.2s] e02 493/1969 步 2214/39360 损失 6.9968 训练top1 0.061 lr 1.8e-05 0.21s/batch
  [ 1304.3s] e02 561/1969 步 2248/39360 损失 6.9867 训练top1 0.063 lr 1.9e-05 0.22s/batch
  [ 1319.3s] e02 628/1969 步 2282/39360 损失 6.9547 训练top1 0.064 lr 1.9e-05 0.22s/batch
  [ 1334.4s] e02 696/1969 步 2316/39360 损失 6.9359 训练top1 0.065 lr 2.0e-05 0.22s/batch
  [ 1349.6s] e02 768/1969 步 2352/39360 损失 6.9428 训练top1 0.062 lr 2.0e-05 0.22s/batch
  [ 1364.7s] e02 840/1969 步 2388/39360 损失 6.9386 训练top1 0.065 lr 2.0e-05 0.22s/batch
  [ 1379.7s] e02 911/1969 步 2423/39360 损失 6.9338 训练top1 0.064 lr 2.1e-05 0.22s/batch
  [ 1394.8s] e02 981/1969 步 2458/39360 损失 6.9296 训练top1 0.067 lr 2.1e-05 0.22s/batch
  [ 1409.8s] e02 1050/1969 步 2493/39360 损失 6.9208 训练top1 0.067 lr 2.1e-05 0.22s/batch
  [ 1424.8s] e02 1120/1969 步 2528/39360 损失 6.9134 训练top1 0.067 lr 2.2e-05 0.22s/batch
  [ 1440.1s] e02 1189/1969 步 2562/39360 损失 6.9111 训练top1 0.066 lr 2.2e-05 0.22s/batch
  [ 1455.1s] e02 1258/1969 步 2597/39360 损失 6.9007 训练top1 0.066 lr 2.3e-05 0.22s/batch
  [ 1470.1s] e02 1325/1969 步 2630/39360 损失 6.8935 训练top1 0.066 lr 2.3e-05 0.22s/batch
  [ 1485.3s] e02 1394/1969 步 2665/39360 损失 6.8865 训练top1 0.067 lr 2.3e-05 0.22s/batch
  [ 1500.3s] e02 1461/1969 步 2698/39360 损失 6.8808 训练top1 0.067 lr 2.4e-05 0.22s/batch
  [ 1515.4s] e02 1531/1969 步 2733/39360 损失 6.8802 训练top1 0.067 lr 2.4e-05 0.22s/batch
  [ 1530.5s] e02 1601/1969 步 2768/39360 损失 6.8772 训练top1 0.067 lr 2.4e-05 0.22s/batch
  [ 1545.7s] e02 1671/1969 步 2803/39360 损失 6.8712 训练top1 0.067 lr 2.5e-05 0.22s/batch
  [ 1560.8s] e02 1739/1969 步 2837/39360 损失 6.8684 训练top1 0.068 lr 2.5e-05 0.22s/batch
  [ 1575.9s] e02 1807/1969 步 2871/39360 损失 6.8690 训练top1 0.067 lr 2.5e-05 0.22s/batch
  [ 1590.9s] e02 1877/1969 步 2906/39360 损失 6.8631 训练top1 0.067 lr 2.5e-05 0.22s/batch
  [ 1606.1s] e02 1946/1969 步 2941/39360 损失 6.8546 训练top1 0.068 lr 2.6e-05 0.22s/batch
  [ 1611.4s] e02 1969/1969 步 2952/39360 损失 6.8541 训练top1 0.068 lr 2.6e-05 0.22s/batch
  e02 损失 6.8541 训练top1 0.068  428s (145s 等数据 / 283s 计算)  37 样本/s  剩余约 264 分钟
  e2 同县留出 top1 0.064 top5 0.205 宏平均 0.058 多数类基线 0.024 中位误差 121.6 km
        候选邻近率(top5 落在真值 150km 内) 0.728
        新最好，已存 best.pt
  [ 1744.6s] e03 66/1969 步 2985/39360 损失 6.5250 训练top1 0.110 lr 2.6e-05 0.23s/batch
  [ 1759.6s] e03 133/1969 步 3018/39360 损失 6.5153 训练top1 0.091 lr 2.6e-05 0.23s/batch
  [ 1774.7s] e03 201/1969 步 3052/39360 损失 6.5458 训练top1 0.086 lr 2.7e-05 0.22s/batch
  [ 1789.8s] e03 268/1969 步 3086/39360 损失 6.5548 训练top1 0.084 lr 2.7e-05 0.22s/batch
  [ 1805.0s] e03 332/1969 步 3118/39360 损失 6.5930 训练top1 0.084 lr 2.7e-05 0.23s/batch
  [ 1820.0s] e03 401/1969 步 3152/39360 损失 6.5599 训练top1 0.084 lr 2.7e-05 0.23s/batch
  [ 1835.1s] e03 469/1969 步 3186/39360 损失 6.5514 训练top1 0.086 lr 2.8e-05 0.23s/batch
  [ 1850.3s] e03 540/1969 步 3222/39360 损失 6.5522 训练top1 0.085 lr 2.8e-05 0.22s/batch
  [ 1865.3s] e03 608/1969 步 3256/39360 损失 6.5348 训练top1 0.088 lr 2.8e-05 0.22s/batch
  [ 1880.5s] e03 678/1969 步 3291/39360 损失 6.5280 训练top1 0.090 lr 2.8e-05 0.22s/batch
  [ 1895.6s] e03 749/1969 步 3326/39360 损失 6.5200 训练top1 0.090 lr 2.8e-05 0.22s/batch
  [ 1910.8s] e03 819/1969 步 3361/39360 损失 6.5286 训练top1 0.089 lr 2.9e-05 0.22s/batch
  [ 1925.9s] e03 889/1969 步 3396/39360 损失 6.5243 训练top1 0.090 lr 2.9e-05 0.22s/batch
  [ 1940.9s] e03 958/1969 步 3431/39360 损失 6.5185 训练top1 0.092 lr 2.9e-05 0.22s/batch
  [ 1956.0s] e03 1030/1969 步 3467/39360 损失 6.5140 训练top1 0.093 lr 2.9e-05 0.22s/batch
  [ 1971.1s] e03 1098/1969 步 3501/39360 损失 6.5142 训练top1 0.093 lr 2.9e-05 0.22s/batch
  [ 1986.4s] e03 1168/1969 步 3536/39360 损失 6.5123 训练top1 0.093 lr 2.9e-05 0.22s/batch
  [ 2001.7s] e03 1238/1969 步 3571/39360 损失 6.5154 训练top1 0.091 lr 2.9e-05 0.22s/batch
  [ 2016.9s] e03 1308/1969 步 3606/39360 损失 6.5106 训练top1 0.091 lr 3.0e-05 0.22s/batch
  [ 2032.0s] e03 1379/1969 步 3641/39360 损失 6.4977 训练top1 0.093 lr 3.0e-05 0.22s/batch
  [ 2047.2s] e03 1449/1969 步 3676/39360 损失 6.4975 训练top1 0.093 lr 3.0e-05 0.22s/batch
  [ 2062.4s] e03 1520/1969 步 3712/39360 损失 6.4959 训练top1 0.095 lr 3.0e-05 0.22s/batch
  [ 2077.4s] e03 1586/1969 步 3745/39360 损失 6.4871 训练top1 0.096 lr 3.0e-05 0.22s/batch
  [ 2092.5s] e03 1654/1969 步 3779/39360 损失 6.4802 训练top1 0.097 lr 3.0e-05 0.22s/batch
  [ 2107.7s] e03 1723/1969 步 3813/39360 损失 6.4841 训练top1 0.096 lr 3.0e-05 0.22s/batch
  [ 2122.7s] e03 1789/1969 步 3846/39360 损失 6.4792 训练top1 0.097 lr 3.0e-05 0.22s/batch
  [ 2137.8s] e03 1857/1969 步 3880/39360 损失 6.4781 训练top1 0.097 lr 3.0e-05 0.22s/batch
  [ 2152.9s] e03 1926/1969 步 3915/39360 损失 6.4767 训练top1 0.096 lr 3.0e-05 0.22s/batch
  [ 2162.3s] e03 1969/1969 步 3936/39360 损失 6.4778 训练top1 0.096 lr 3.0e-05 0.22s/batch
  e03 损失 6.4778 训练top1 0.096  433s (149s 等数据 / 283s 计算)  36 样本/s  剩余约 260 分钟
  e3 同县留出 top1 0.103 top5 0.266 宏平均 0.084 多数类基线 0.024 中位误差 94.2 km
        候选邻近率(top5 落在真值 150km 内) 0.755
        新最好，已存 best.pt
  [ 2295.0s] e04 69/1969 步 3970/39360 损失 6.1061 训练top1 0.129 lr 3.0e-05 0.22s/batch
  [ 2310.1s] e04 140/1969 步 4006/39360 损失 6.1362 训练top1 0.137 lr 3.0e-05 0.22s/batch
  [ 2325.2s] e04 210/1969 步 4041/39360 损失 6.1320 训练top1 0.140 lr 3.0e-05 0.22s/batch
  [ 2340.2s] e04 282/1969 步 4077/39360 损失 6.1037 训练top1 0.135 lr 3.0e-05 0.21s/batch
  [ 2355.3s] e04 351/1969 步 4111/39360 损失 6.0870 训练top1 0.133 lr 3.0e-05 0.22s/batch
  [ 2370.4s] e04 422/1969 步 4147/39360 损失 6.0885 训练top1 0.134 lr 3.0e-05 0.21s/batch
  [ 2385.6s] e04 493/1969 步 4182/39360 损失 6.0987 训练top1 0.136 lr 3.0e-05 0.21s/batch
  [ 2400.8s] e04 563/1969 步 4217/39360 损失 6.1085 训练top1 0.135 lr 3.0e-05 0.21s/batch
  [ 2415.8s] e04 633/1969 步 4252/39360 损失 6.0970 训练top1 0.134 lr 3.0e-05 0.21s/batch
  [ 2431.0s] e04 702/1969 步 4287/39360 损失 6.0984 训练top1 0.133 lr 3.0e-05 0.22s/batch
  [ 2446.3s] e04 772/1969 步 4322/39360 损失 6.1093 训练top1 0.132 lr 3.0e-05 0.22s/batch
  [ 2461.4s] e04 842/1969 步 4357/39360 损失 6.1085 训练top1 0.132 lr 3.0e-05 0.22s/batch
  [ 2476.5s] e04 912/1969 步 4392/39360 损失 6.1165 训练top1 0.132 lr 3.0e-05 0.22s/batch
  [ 2491.5s] e04 981/1969 步 4426/39360 损失 6.1157 训练top1 0.132 lr 3.0e-05 0.22s/batch
  [ 2506.8s] e04 1049/1969 步 4460/39360 损失 6.1126 训练top1 0.132 lr 3.0e-05 0.22s/batch
  [ 2521.9s] e04 1117/1969 步 4494/39360 损失 6.1075 训练top1 0.132 lr 3.0e-05 0.22s/batch
  [ 2537.2s] e04 1189/1969 步 4530/39360 损失 6.1051 训练top1 0.131 lr 3.0e-05 0.22s/batch
  [ 2552.3s] e04 1259/1969 步 4565/39360 损失 6.0991 训练top1 0.132 lr 3.0e-05 0.22s/batch
  [ 2567.4s] e04 1327/1969 步 4599/39360 损失 6.0956 训练top1 0.132 lr 3.0e-05 0.22s/batch
  [ 2582.4s] e04 1396/1969 步 4634/39360 损失 6.0924 训练top1 0.132 lr 3.0e-05 0.22s/batch
  [ 2597.6s] e04 1463/1969 步 4667/39360 损失 6.0893 训练top1 0.131 lr 3.0e-05 0.22s/batch
  [ 2612.6s] e04 1530/1969 步 4701/39360 损失 6.0906 训练top1 0.131 lr 3.0e-05 0.22s/batch
  [ 2627.8s] e04 1600/1969 步 4736/39360 损失 6.0857 训练top1 0.132 lr 3.0e-05 0.22s/batch
  [ 2642.8s] e04 1669/1969 步 4770/39360 损失 6.0851 训练top1 0.132 lr 3.0e-05 0.22s/batch
  [ 2657.9s] e04 1738/1969 步 4805/39360 损失 6.0869 训练top1 0.131 lr 3.0e-05 0.22s/batch
  [ 2672.9s] e04 1805/1969 步 4838/39360 损失 6.0863 训练top1 0.131 lr 3.0e-05 0.22s/batch
  [ 2687.9s] e04 1871/1969 步 4871/39360 损失 6.0844 训练top1 0.131 lr 3.0e-05 0.22s/batch
  [ 2703.1s] e04 1934/1969 步 4903/39360 损失 6.0812 训练top1 0.132 lr 3.0e-05 0.22s/batch
  [ 2711.0s] e04 1969/1969 步 4920/39360 损失 6.0827 训练top1 0.132 lr 3.0e-05 0.22s/batch
  e04 损失 6.0827 训练top1 0.132  431s (148s 等数据 / 284s 计算)  36 样本/s  剩余约 252 分钟
  e4 同县留出 top1 0.102 top5 0.337 宏平均 0.090 多数类基线 0.024 中位误差 90.9 km
        候选邻近率(top5 落在真值 150km 内) 0.807
        新最好，已存 best.pt
  [ 2855.0s] e05 65/1969 步 4952/39360 损失 5.6842 训练top1 0.175 lr 3.0e-05 0.23s/batch
  [ 2870.4s] e05 133/1969 步 4986/39360 损失 5.6803 训练top1 0.181 lr 3.0e-05 0.23s/batch
  [ 2885.5s] e05 203/1969 步 5021/39360 损失 5.6821 训练top1 0.182 lr 3.0e-05 0.23s/batch
  [ 2900.7s] e05 272/1969 步 5056/39360 损失 5.6786 训练top1 0.182 lr 3.0e-05 0.22s/batch
  [ 2915.8s] e05 344/1969 步 5092/39360 损失 5.7336 训练top1 0.178 lr 3.0e-05 0.22s/batch
